// Jest Snapshot v1, https://goo.gl/fbAQLP

exports[`COMPOSE_TEMPLATES — 全テンプレの構造化フィールド template_chaen_contrarian の renderTemplatePrompt スナップショット: template_chaen_contrarian 1`] = `
"## この投稿の型（骨子）
- 文体: 落ち着いた断定。煽らず、しかし通説に正面から疑問を投げる硬めのトーン。
- 構成: 逆張りの一言 → なぜそう言えるか → 読者の不安の言語化 → 実務の打ち手
- フック類型: 逆張り
- フック強度: 中（過度に煽らずバランス良く掴む）
- 由来: チャエン氏 X アカウント分析（逆張り問題提起パターン）

## 投稿の型（逆張り問題提起型）
- 1行目: 世間の通説・流行に逆張りする一言（例「AIで仕事は無くならない。無くなるのは"作業"だけ」）。決めつけで人を見下さない。
- 空行 → なぜそう言えるかの根拠を 1〜2 文（具体・事実ベース）。
- 空行 → 読者が薄々感じている不安を言語化して寄り添う（「焦るのはわかる」）。
- 最後に「では何をすべきか」の実務の打ち手を 1 つ示す（行動に落とす）。
- 禁止語（時代遅れ/情弱 等）は使わない。逆張りでも相手を見下さない。
- **プレーンテキストで書く**（markdown 記法は使わない。強調は言葉と改行で）。"
`;

exports[`COMPOSE_TEMPLATES — 全テンプレの構造化フィールド template_chaen_gold の renderTemplatePrompt スナップショット: template_chaen_gold 1`] = `
"## この投稿の型（骨子）
- 文体: 速報屋らしく短文・断定・テンポ重視。熱量はあるが煽りすぎない。
- 構成: 速報フック → 意味づけ・感情 → 箇条書き要点 → 実務接続
- フック類型: 速報
- フック強度: 強（1行目で断定・踏み込んで掴む）
- 由来: チャエン氏 X アカウント分析（outputs/research/2026-06-05-chaen-x-account-analysis.md §9.1）

## 投稿の型（チャエン黄金型）
- 1行目: 【速報】【朗報】等 + 主語が何をしたか（最強フックを1行目に置く）。
- 空行 → 一言の意味づけ・感情（例「これは強すぎる」）。
- 空行 → 「・」で要点 3〜5 点（箇条書き。markdown のリスト記号 - * は使わない）。
- 「だから実務/業務がどう変わるか」を一言必ず添える（仕組み化・自動化への接続）。
- CTA（👇 等）は毎回付けない（5〜6 投稿に 1 回程度）。
- 文量は 140〜280 字を主軸（fmat=short/medium）。長文が要る時のみ long/article/thread。
- **プレーンテキストで書く**（**太字** や # 見出し等の markdown 記法は使わない。強調は言葉と改行で）。"
`;

exports[`COMPOSE_TEMPLATES — 全テンプレの構造化フィールド template_chaen_howto の renderTemplatePrompt スナップショット: template_chaen_howto 1`] = `
"## この投稿の型（骨子）
- 文体: 実用書のように親切で具体的。数字と手順で「自分にもできる」と思わせるトーン。
- 構成: 数字フック → 手順の箇条書き → 再現性の担保 → 実務接続
- フック類型: 数字
- フック強度: 中（過度に煽らずバランス良く掴む）
- 由来: チャエン氏 X アカウント分析（数字ハウツーパターン）

## 投稿の型（数字ハウツー型）
- 1行目: 具体数字を含むフック（例「3ステップで議事録作成が10分→1分になる」）。数字は素材本文 or web_search で裏が取れたものだけ。
- 空行 → 手順を「・」で箇条書き（順番が分かるように。markdown のリスト記号 - * は使わない）。
- 空行 → 「これは誰でも再現できる」根拠を一言（特別なスキル不要であることを担保）。
- 最後に「だから実務がどう楽になるか」を一言添える。
- 数字を盛らない・捏造しない（裏が取れない数字は書かない）。
- **プレーンテキストで書く**（markdown 記法は使わない。強調は言葉と改行で）。"
`;
